#-----------------------------------------------------------
# Vivado v2022.2 (64-bit)
# SW Build 3671981 on Fri Oct 14 04:59:54 MDT 2022
# IP Build 3669848 on Fri Oct 14 08:30:02 MDT 2022
# Start of session at: Thu Oct 31 01:04:16 2024
# Process ID: 78320
# Current directory: /media/parallels/SSD/workspace/chipyard/fpga
# Command line: vivado
# Log file: /media/parallels/SSD/workspace/chipyard/fpga/vivado.log
# Journal file: /media/parallels/SSD/workspace/chipyard/fpga/vivado.jou
# Running On: ubuntu-linux-22-04-02-desktop, OS: Linux, CPU Frequency: 2592.000 MHz, CPU Physical cores: 8, Host memory: 8317 MB
#-----------------------------------------------------------
start_gui
open_hw_manager
connect_hw_server -allow_non_jtag
open_hw_target
current_hw_device [get_hw_devices xczu9_0]
refresh_hw_device -update_hw_probes false [lindex [get_hw_devices xczu9_0] 0]
current_hw_device [get_hw_devices arm_dap_1]
refresh_hw_device -update_hw_probes false [lindex [get_hw_devices arm_dap_1] 0]
current_hw_device [get_hw_devices xczu9_0]
set_property PROBES.FILE {} [get_hw_devices xczu9_0]
set_property FULL_PROBES.FILE {} [get_hw_devices xczu9_0]
set_property PROGRAM.FILE {/media/parallels/SSD/workspace/chipyard/fpga/generated-src/chipyard.fpga.zcu102.ZCU102FPGATestHarness.RocketZCU102Config/obj/ZCU102FPGATestHarness.bit} [get_hw_devices xczu9_0]
program_hw_devices [get_hw_devices xczu9_0]
refresh_hw_device [lindex [get_hw_devices xczu9_0] 0]
set_property PROBES.FILE {} [get_hw_devices xczu9_0]
set_property FULL_PROBES.FILE {} [get_hw_devices xczu9_0]
set_property PROGRAM.FILE {/media/parallels/SSD/workspace/chipyard/fpga/generated-src/chipyard.fpga.zcu102.ZCU102FPGATestHarness.RocketZCU102Config/obj/ZCU102FPGATestHarness.bit} [get_hw_devices xczu9_0]
program_hw_devices [get_hw_devices xczu9_0]
refresh_hw_device [lindex [get_hw_devices xczu9_0] 0]
set_property PROBES.FILE {} [get_hw_devices xczu9_0]
set_property FULL_PROBES.FILE {} [get_hw_devices xczu9_0]
set_property PROGRAM.FILE {/media/parallels/SSD/workspace/chipyard/fpga/generated-src/chipyard.fpga.zcu102.ZCU102FPGATestHarness.RocketZCU102Config/obj/ZCU102FPGATestHarness.bit} [get_hw_devices xczu9_0]
program_hw_devices [get_hw_devices xczu9_0]
refresh_hw_device [lindex [get_hw_devices xczu9_0] 0]
set_property PROBES.FILE {} [get_hw_devices xczu9_0]
set_property FULL_PROBES.FILE {} [get_hw_devices xczu9_0]
set_property PROGRAM.FILE {/media/parallels/SSD/workspace/chipyard/fpga/generated-src/chipyard.fpga.zcu102.ZCU102FPGATestHarness.RocketZCU102Config/obj/ZCU102FPGATestHarness.bit} [get_hw_devices xczu9_0]
program_hw_devices [get_hw_devices xczu9_0]
refresh_hw_device [lindex [get_hw_devices xczu9_0] 0]
set_property PROBES.FILE {} [get_hw_devices xczu9_0]
set_property FULL_PROBES.FILE {} [get_hw_devices xczu9_0]
set_property PROGRAM.FILE {/media/parallels/SSD/workspace/chipyard/fpga/generated-src/chipyard.fpga.zcu102.ZCU102FPGATestHarness.RocketZCU102Config/obj/ZCU102FPGATestHarness.bit} [get_hw_devices xczu9_0]
program_hw_devices [get_hw_devices xczu9_0]
refresh_hw_device [lindex [get_hw_devices xczu9_0] 0]
set_property PROBES.FILE {} [get_hw_devices xczu9_0]
set_property FULL_PROBES.FILE {} [get_hw_devices xczu9_0]
set_property PROGRAM.FILE {/media/parallels/SSD/workspace/chipyard/fpga/generated-src/chipyard.fpga.zcu102.ZCU102FPGATestHarness.RocketZCU102Config/obj/ZCU102FPGATestHarness.bit} [get_hw_devices xczu9_0]
program_hw_devices [get_hw_devices xczu9_0]
refresh_hw_device [lindex [get_hw_devices xczu9_0] 0]
set_property PROBES.FILE {} [get_hw_devices xczu9_0]
set_property FULL_PROBES.FILE {} [get_hw_devices xczu9_0]
set_property PROGRAM.FILE {/media/parallels/SSD/workspace/chipyard/fpga/generated-src/chipyard.fpga.zcu102.ZCU102FPGATestHarness.RocketZCU102Config/obj/ZCU102FPGATestHarness.bit} [get_hw_devices xczu9_0]
program_hw_devices [get_hw_devices xczu9_0]
refresh_hw_device [lindex [get_hw_devices xczu9_0] 0]
set_property PROBES.FILE {} [get_hw_devices xczu9_0]
set_property FULL_PROBES.FILE {} [get_hw_devices xczu9_0]
set_property PROGRAM.FILE {/media/parallels/SSD/workspace/chipyard/fpga/generated-src/chipyard.fpga.zcu102.ZCU102FPGATestHarness.RocketZCU102Config/obj/ZCU102FPGATestHarness.bit} [get_hw_devices xczu9_0]
program_hw_devices [get_hw_devices xczu9_0]
refresh_hw_device [lindex [get_hw_devices xczu9_0] 0]
